Apple Swift version 6.4 (swiftlang-6.4.0.34.1 clang-2100.3.34.1)
Target: arm64-apple-macosx27.0.0
/Library/Developer/CommandLineTools/usr/bin/swift-frontend -frontend -c -primary-file Sources/DeskBar/App/AppDelegate.swift Sources/DeskBar/App/MigrationManager.swift Sources/DeskBar/App/PermissionsManager.swift Sources/DeskBar/App/SingleInstanceLock.swift Sources/DeskBar/App/main.swift Sources/DeskBar/Launchpick/AppScanner.swift Sources/DeskBar/Launchpick/Config.swift Sources/DeskBar/Launchpick/ContentView.swift Sources/DeskBar/Launchpick/IconResolver.swift Sources/DeskBar/Launchpick/LaunchpickManager.swift Sources/DeskBar/Launchpick/LaunchpickPanel.swift Sources/DeskBar/Models/AppGroup.swift Sources/DeskBar/Models/AppRuntimeState.swift Sources/DeskBar/Models/PinnedApp.swift Sources/DeskBar/Models/SystemResourceSnapshot.swift Sources/DeskBar/Models/TaskbarSettings.swift Sources/DeskBar/Models/WindowInfo.swift Sources/DeskBar/Plugins/SMPlugin/SMClientConfiguration.swift Sources/DeskBar/Plugins/SMPlugin/SMPluginService.swift Sources/DeskBar/QuickSettings/AutohideDockQuickSetting.swift Sources/DeskBar/QuickSettings/AutohideMenuBarQuickSetting.swift Sources/DeskBar/QuickSettings/BluetoothQuickSetting.swift Sources/DeskBar/QuickSettings/DarkModeQuickSetting.swift Sources/DeskBar/QuickSettings/DockRecentAppsQuickSetting.swift Sources/DeskBar/QuickSettings/EjectDiscsQuickSetting.swift Sources/DeskBar/QuickSettings/EmptyPasteboardQuickSetting.swift Sources/DeskBar/QuickSettings/EmptyTrashQuickSetting.swift Sources/DeskBar/QuickSettings/HiddenFilesQuickSetting.swift Sources/DeskBar/QuickSettings/HideDesktopQuickSetting.swift Sources/DeskBar/QuickSettings/KeepAwakeQuickSetting.swift Sources/DeskBar/QuickSettings/MuteAudioQuickSetting.swift Sources/DeskBar/QuickSettings/MuteMicQuickSetting.swift Sources/DeskBar/QuickSettings/PomodoroQuickSetting.swift Sources/DeskBar/QuickSettings/QuickSetting.swift Sources/DeskBar/QuickSettings/ScreenSaverQuickSetting.swift Sources/DeskBar/QuickSettings/ShowExtensionsQuickSetting.swift Sources/DeskBar/QuickSettings/ShowFinderPathBarQuickSetting.swift Sources/DeskBar/QuickSettings/ShowUserLibraryQuickSetting.swift Sources/DeskBar/QuickSettings/SmallLaunchpadQuickSetting.swift Sources/DeskBar/QuickSettings/TrueToneQuickSetting.swift Sources/DeskBar/QuickSettings/WiFiQuickSetting.swift Sources/DeskBar/QuickSettings/XcodeCacheQuickSetting.swift Sources/DeskBar/Services/AXObserverManager.swift Sources/DeskBar/Services/AccessibilityService.swift Sources/DeskBar/Services/AppStateMonitor.swift Sources/DeskBar/Services/BadgeMonitor.swift Sources/DeskBar/Services/BatteryMonitor.swift Sources/DeskBar/Services/BatteryStatusRenderer.swift Sources/DeskBar/Services/BlacklistManager.swift Sources/DeskBar/Services/CalendarEventService.swift Sources/DeskBar/Services/DockManager.swift Sources/DeskBar/Services/LauncherAppLoginItemManager.swift Sources/DeskBar/Services/LoginItemManager.swift Sources/DeskBar/Services/QuickSettingsManager.swift Sources/DeskBar/Services/RecentlyClosedTracker.swift Sources/DeskBar/Services/SharedTimer.swift Sources/DeskBar/Services/Stats/BluetoothStatsService.swift Sources/DeskBar/Services/Stats/SystemStatsService.swift Sources/DeskBar/Services/SystemResourceMonitor.swift Sources/DeskBar/Services/ThumbnailService.swift Sources/DeskBar/Services/WindowLayoutSnapshotManager.swift Sources/DeskBar/Services/WindowManager.swift Sources/DeskBar/Services/WindowSwitcherService.swift Sources/DeskBar/Services/WorkspaceMonitor.swift Sources/DeskBar/Utilities/ActivityMonitorLauncher.swift Sources/DeskBar/Utilities/AppsLauncher.swift Sources/DeskBar/Utilities/BareCommandShortcutDetector.swift Sources/DeskBar/Utilities/CGWindowExtensions.swift Sources/DeskBar/Utilities/Debouncer.swift Sources/DeskBar/Utilities/Dictionary+PreservingFirstValue.swift Sources/DeskBar/Utilities/IconClickFeedback.swift Sources/DeskBar/Utilities/ImageMetadataSignature.swift Sources/DeskBar/Utilities/LauncherActivationPlanner.swift Sources/DeskBar/Utilities/LauncherApplicationActivator.swift Sources/DeskBar/Utilities/LauncherMenuAction.swift Sources/DeskBar/Utilities/NSImage+Bluetooth.swift Sources/DeskBar/Utilities/NSImage+MenuIcon.swift Sources/DeskBar/Utilities/NSImageExtensions.swift Sources/DeskBar/Utilities/SMTaskWindowPlanner.swift Sources/DeskBar/Utilities/ScreenGeometry.swift Sources/DeskBar/Utilities/TaskbarWidthPlanner.swift Sources/DeskBar/Utilities/TrayActivationPlanner.swift Sources/DeskBar/Views/AppsLauncherButtonView.swift Sources/DeskBar/Views/BatteryFlyoutView.swift Sources/DeskBar/Views/BluetoothWidgetView.swift Sources/DeskBar/Views/CalendarTrayButton.swift Sources/DeskBar/Views/CalendarView.swift Sources/DeskBar/Views/ConnectivityTrayView.swift Sources/DeskBar/Views/GroupHeaderButton.swift Sources/DeskBar/Views/GroupThumbnailPopover.swift Sources/DeskBar/Views/LauncherZoneView.swift Sources/DeskBar/Views/Onboarding/OnboardingView.swift Sources/DeskBar/Views/Onboarding/OnboardingWindowController.swift Sources/DeskBar/Views/QuickSettingsFlyoutPanel.swift Sources/DeskBar/Views/QuickSettingsTileView.swift Sources/DeskBar/Views/Settings/AppearanceSettingsTab.swift Sources/DeskBar/Views/Settings/BehaviorSettingsTab.swift Sources/DeskBar/Views/Settings/BlacklistSettingsTab.swift Sources/DeskBar/Views/Settings/GeneralSettingsTab.swift Sources/DeskBar/Views/Settings/LauncherSettingsTab.swift Sources/DeskBar/Views/Settings/ModernSettingsView.swift Sources/DeskBar/Views/Settings/PluginsSettingsTab.swift Sources/DeskBar/Views/Settings/WidgetsSettingsTab.swift Sources/DeskBar/Views/SettingsWindowController.swift Sources/DeskBar/Views/SystemResourceDashboardView.swift Sources/DeskBar/Views/SystemResourceFlyoutPanel.swift Sources/DeskBar/Views/SystemResourceWidgetView.swift Sources/DeskBar/Views/TaskButtonView.swift Sources/DeskBar/Views/TaskbarContentView.swift Sources/DeskBar/Views/TaskbarPanel.swift Sources/DeskBar/Views/ThumbnailPopover.swift Sources/DeskBar/Views/TrayIconButton.swift Sources/DeskBar/Views/TrayIconView.swift Sources/DeskBar/Views/WiFiWidgetView.swift Sources/DeskBar/Views/WindowSwitcherPanel.swift -target arm64-apple-macosx27.0.0 -Xllvm -aarch64-use-tbi -enable-objc-interop -stack-check -sdk /Library/Developer/CommandLineTools/SDKs/MacOSX.sdk -I .build/release -F /Library/Developer/CommandLineTools/Developer/Library/Frameworks -no-color-diagnostics -Xcc -fno-color-diagnostics -new-driver-path /Library/Developer/CommandLineTools/usr/bin/swift-driver -empty-abi-descriptor -no-auto-bridging-header-chaining -module-name main -disable-clang-spi -target-sdk-version 27.0 -target-sdk-name macosx27.0 -external-plugin-path '/Library/Developer/Developer/usr/lib/swift/host/plugins#/Library/Developer/Developer/usr/bin/swift-plugin-server' -external-plugin-path '/Library/Developer/Developer/usr/local/lib/swift/host/plugins#/Library/Developer/Developer/usr/bin/swift-plugin-server' -in-process-plugin-server-path /Library/Developer/CommandLineTools/usr/lib/swift/host/libSwiftInProcPluginServer.dylib -plugin-path /Library/Developer/CommandLineTools/usr/lib/swift/host/plugins -plugin-path /Library/Developer/CommandLineTools/usr/local/lib/swift/host/plugins -parse-as-library -o /var/folders/5p/g571cd451cbctttb3w58m9dh0000gn/T/TemporaryDirectory.LY5Qlo/AppDelegate-1.o
Sources/DeskBar/App/main.swift:4:1: error: expressions are not allowed at the top level
2 | 
3 | let app = NSApplication.shared
4 | app.setActivationPolicy(.accessory)
  | `- error: expressions are not allowed at the top level
5 | 
6 | let delegate = AppDelegate()

Sources/DeskBar/App/main.swift:7:1: error: expressions are not allowed at the top level
5 | 
6 | let delegate = AppDelegate()
7 | app.delegate = delegate
  | `- error: expressions are not allowed at the top level
8 | app.run()
9 | 

Sources/DeskBar/App/main.swift:8:1: error: expressions are not allowed at the top level
6 | let delegate = AppDelegate()
7 | app.delegate = delegate
8 | app.run()
  | `- error: expressions are not allowed at the top level
9 | 

Sources/DeskBar/App/AppDelegate.swift:318:41: error: cannot find 'NSHostingController' in scope
316 |         popover.contentSize = NSSize(width: 440, height: 260)
317 |         popover.behavior = .transient
318 |         popover.contentViewController = NSHostingController(rootView: BatteryFlyoutView())
    |                                         `- error: cannot find 'NSHostingController' in scope
319 |         self.batteryPopover = popover
320 |         
